// Jest Snapshot v1, https://goo.gl/fbAQLP

exports[`render snapshot 1`] = `
Object {
  "asFragment": [Function],
  "baseElement": <body>
    <div>
      <div>
        <section
          class="home__page"
        >
          <div
            class="navbar navbar-expand-lg"
          >
            <div
              class="container"
            >
              <div
                class="navbar-brand fw-bold"
              >
                <h3>
                  DigiWallet
                </h3>
              </div>
              <button
                aria-controls="navbarSupportedContent"
                aria-expanded="false"
                aria-label="Toggle navigation"
                class="navbar-toggler"
                data-bs-target="#navbarSupportedContent"
                data-bs-toggle="collapse"
                type="button"
              >
                <span
                  class="navbar-toggler-icon"
                />
              </button>
              <div
                class="collapse navbar-collapse justify-content-end"
                id="navbarSupportedContent"
              >
                <ul
                  class="navbar-nav "
                >
                  <li
                    class="nav-item ms-5"
                  >
                    <a
                      aria-current="page"
                      class="nav-link fs-5 active"
                      href="/"
                    >
                      Home
                    </a>
                  </li>
                  <li
                    class="nav-item ms-5 "
                  >
                    <a
                      class="nav-link fs-5"
                      href="/transfer"
                    >
                      Transfer
                    </a>
                  </li>
                  <li
                    class="nav-item ms-5"
                  >
                    <a
                      class="nav-link fs-5"
                      href="/topup"
                    >
                      Topup
                    </a>
                  </li>
                  <li
                    class="nav-item ms-5"
                  >
                    <a
                      class="nav-link fs-5"
                      href="/games"
                    >
                      Games
                    </a>
                  </li>
                  <li
                    class="nav-item ms-5"
                  >
                    <a
                      class="nav-link fs-5"
                      href="/login"
                    >
                      Logout
                    </a>
                  </li>
                </ul>
              </div>
            </div>
          </div>
        </section>
        <div
          class="Toastify"
        />
        <div>
          <button
            class="btn btn-primary"
            data-bs-target="#exampleModal"
            data-bs-toggle="modal"
            style="display: none;"
            type="button"
          >
            Primary
          </button>
          <div
            aria-hidden="true"
            aria-labelledby="exampleModalLabel"
            class="modal fade wrapper"
            data-bs-backdrop="static"
            data-bs-keyboard="false"
            id="exampleModal"
            tabindex="-1"
          >
            <div
              class="modal-dialog"
              style="margin-top: 11.5rem;"
            >
              <div
                class="modal-content"
              >
                <div
                  class="modal-header border-bottom-0"
                >
                  <div
                    class="col"
                  >
                    <div
                      class="img__icon "
                      style="text-align: center;"
                    >
                      <svg>
                        success.svg
                      </svg>
                    </div>
                    <h1
                      class="modal-title text-success fw-bold"
                      style="text-align: center;"
                    >
                      Transfer Success
                    </h1>
                  </div>
                </div>
                <div
                  class="modal-body px-3"
                >
                  <table
                    class="table table-borderless"
                    style="width: 100%;"
                  >
                    <tbody>
                      <tr>
                        <td
                          style="text-align: left; font-size: 1.5rem; width: 50%;"
                        >
                          Amount
                        </td>
                        <td
                          style="text-align: right; font-size: 1.5rem; width: 50%;"
                        />
                      </tr>
                      <tr>
                        <td
                          style="text-align: left; font-size: 1.5rem; width: 50%;"
                        >
                          Transaction Id
                        </td>
                        <td
                          style="text-align: right; font-size: 1.5rem; width: 50%;"
                        />
                      </tr>
                      <tr>
                        <td
                          style="text-align: left; font-size: 1.5rem; width: 50%;"
                        >
                          From
                        </td>
                        <td
                          style="text-align: right; font-size: 1.5rem; width: 50%;"
                        />
                      </tr>
                      <tr>
                        <td
                          style="text-align: left; font-size: 1.5rem; width: 50%;"
                        >
                          To
                        </td>
                        <td
                          style="text-align: right; font-size: 1.5rem; width: 50%;"
                        />
                      </tr>
                      <tr>
                        <td
                          style="text-align: left; font-size: 1.5rem; width: 50%;"
                        >
                          Description
                        </td>
                        <td
                          style="text-align: right; font-size: 1.5rem; width: 50%;"
                        />
                      </tr>
                    </tbody>
                  </table>
                </div>
                <div
                  class="modal-footer justify-content-center gap-3 border-top-0 mb-4"
                >
                  <button
                    class="btn btn-outline-info fs-4"
                    style="width: 6rem;"
                    type="button"
                  >
                    Print
                  </button>
                  <button
                    class="btn btn-outline-info fs-4"
                    data-bs-dismiss="modal"
                    style="width: 6rem;"
                    type="button"
                  >
                    Close
                  </button>
                </div>
              </div>
            </div>
          </div>
        </div>
        <section
          class="transfer__form"
        >
          <div
            class="container"
          >
            <div
              class="d-flex vertical flex-column align-items-center justify-content-center"
            >
              <h1
                class="fw-bold"
              >
                Transfer
              </h1>
              <form>
                <fieldset
                  disabled=""
                >
                  <label
                    class="form-label fw-bold mt-5"
                    for="exampleFormControlInput1"
                  >
                    From
                  </label>
                  <div
                    class="form-group mb-3"
                  >
                    <input
                      aria-describedby="basic-addon1"
                      aria-label="Username"
                      class="form-control control_login border border-dark"
                      id="exampleFormControlInput1"
                      style="width: 25rem; height: 3rem;"
                      type="number"
                    />
                  </div>
                </fieldset>
                <label
                  class="form-label fw-bold "
                  for="exampleFormControlInput2"
                >
                  To
                </label>
                <div
                  class="form-group mb-3"
                >
                  <input
                    aria-describedby="basic-addon1"
                    aria-label="Username"
                    class="form-control control_login border border-dark"
                    data-testid="toForm"
                    id="exampleFormControlInput2"
                    name="to"
                    style="width: 25rem; height: 3rem;"
                    type="number"
                  />
                </div>
                <label
                  class="form-label fw-bold "
                  for="exampleFormControlInput3"
                >
                  Amount
                </label>
                <div
                  class="form-group mb-3"
                >
                  <input
                    aria-describedby="basic-addon1"
                    aria-label="Username"
                    class="form-control control_login border border-dark"
                    id="exampleFormControlInput3"
                    name="amount"
                    placeholder="1.000.000"
                    style="width: 25rem; height: 5rem; font-size: 2rem;"
                    type="number"
                  />
                  <span
                    class="text-danger text-start"
                    data-testid="error"
                  />
                </div>
                <label
                  class="form-label fw-bold "
                  for="exampleFormControlInput4"
                >
                  Description
                </label>
                <div
                  class="form-group mb-3"
                >
                  <textarea
                    aria-describedby="basic-addon1"
                    aria-label="Username"
                    class="form-control control_login border border-dark"
                    id="exampleFormControlInput4"
                    name="description"
                    placeholder="Bayar Hutang"
                    style="width: 25rem; height: 5rem;"
                  />
                  <span
                    class="text-danger text-start"
                  >
                    <span
                      class="text-danger text-start"
                    />
                  </span>
                </div>
                <div
                  class="form-group mb-3 justify-content-center"
                >
                  <button
                    class="btn btn-info btn-lg w-100 text-white"
                    data-testid="submitBtn"
                    type="submit"
                  >
                    Send
                  </button>
                </div>
              </form>
            </div>
          </div>
        </section>
      </div>
    </div>
  </body>,
  "container": <div>
    <div>
      <section
        class="home__page"
      >
        <div
          class="navbar navbar-expand-lg"
        >
          <div
            class="container"
          >
            <div
              class="navbar-brand fw-bold"
            >
              <h3>
                DigiWallet
              </h3>
            </div>
            <button
              aria-controls="navbarSupportedContent"
              aria-expanded="false"
              aria-label="Toggle navigation"
              class="navbar-toggler"
              data-bs-target="#navbarSupportedContent"
              data-bs-toggle="collapse"
              type="button"
            >
              <span
                class="navbar-toggler-icon"
              />
            </button>
            <div
              class="collapse navbar-collapse justify-content-end"
              id="navbarSupportedContent"
            >
              <ul
                class="navbar-nav "
              >
                <li
                  class="nav-item ms-5"
                >
                  <a
                    aria-current="page"
                    class="nav-link fs-5 active"
                    href="/"
                  >
                    Home
                  </a>
                </li>
                <li
                  class="nav-item ms-5 "
                >
                  <a
                    class="nav-link fs-5"
                    href="/transfer"
                  >
                    Transfer
                  </a>
                </li>
                <li
                  class="nav-item ms-5"
                >
                  <a
                    class="nav-link fs-5"
                    href="/topup"
                  >
                    Topup
                  </a>
                </li>
                <li
                  class="nav-item ms-5"
                >
                  <a
                    class="nav-link fs-5"
                    href="/games"
                  >
                    Games
                  </a>
                </li>
                <li
                  class="nav-item ms-5"
                >
                  <a
                    class="nav-link fs-5"
                    href="/login"
                  >
                    Logout
                  </a>
                </li>
              </ul>
            </div>
          </div>
        </div>
      </section>
      <div
        class="Toastify"
      />
      <div>
        <button
          class="btn btn-primary"
          data-bs-target="#exampleModal"
          data-bs-toggle="modal"
          style="display: none;"
          type="button"
        >
          Primary
        </button>
        <div
          aria-hidden="true"
          aria-labelledby="exampleModalLabel"
          class="modal fade wrapper"
          data-bs-backdrop="static"
          data-bs-keyboard="false"
          id="exampleModal"
          tabindex="-1"
        >
          <div
            class="modal-dialog"
            style="margin-top: 11.5rem;"
          >
            <div
              class="modal-content"
            >
              <div
                class="modal-header border-bottom-0"
              >
                <div
                  class="col"
                >
                  <div
                    class="img__icon "
                    style="text-align: center;"
                  >
                    <svg>
                      success.svg
                    </svg>
                  </div>
                  <h1
                    class="modal-title text-success fw-bold"
                    style="text-align: center;"
                  >
                    Transfer Success
                  </h1>
                </div>
              </div>
              <div
                class="modal-body px-3"
              >
                <table
                  class="table table-borderless"
                  style="width: 100%;"
                >
                  <tbody>
                    <tr>
                      <td
                        style="text-align: left; font-size: 1.5rem; width: 50%;"
                      >
                        Amount
                      </td>
                      <td
                        style="text-align: right; font-size: 1.5rem; width: 50%;"
                      />
                    </tr>
                    <tr>
                      <td
                        style="text-align: left; font-size: 1.5rem; width: 50%;"
                      >
                        Transaction Id
                      </td>
                      <td
                        style="text-align: right; font-size: 1.5rem; width: 50%;"
                      />
                    </tr>
                    <tr>
                      <td
                        style="text-align: left; font-size: 1.5rem; width: 50%;"
                      >
                        From
                      </td>
                      <td
                        style="text-align: right; font-size: 1.5rem; width: 50%;"
                      />
                    </tr>
                    <tr>
                      <td
                        style="text-align: left; font-size: 1.5rem; width: 50%;"
                      >
                        To
                      </td>
                      <td
                        style="text-align: right; font-size: 1.5rem; width: 50%;"
                      />
                    </tr>
                    <tr>
                      <td
                        style="text-align: left; font-size: 1.5rem; width: 50%;"
                      >
                        Description
                      </td>
                      <td
                        style="text-align: right; font-size: 1.5rem; width: 50%;"
                      />
                    </tr>
                  </tbody>
                </table>
              </div>
              <div
                class="modal-footer justify-content-center gap-3 border-top-0 mb-4"
              >
                <button
                  class="btn btn-outline-info fs-4"
                  style="width: 6rem;"
                  type="button"
                >
                  Print
                </button>
                <button
                  class="btn btn-outline-info fs-4"
                  data-bs-dismiss="modal"
                  style="width: 6rem;"
                  type="button"
                >
                  Close
                </button>
              </div>
            </div>
          </div>
        </div>
      </div>
      <section
        class="transfer__form"
      >
        <div
          class="container"
        >
          <div
            class="d-flex vertical flex-column align-items-center justify-content-center"
          >
            <h1
              class="fw-bold"
            >
              Transfer
            </h1>
            <form>
              <fieldset
                disabled=""
              >
                <label
                  class="form-label fw-bold mt-5"
                  for="exampleFormControlInput1"
                >
                  From
                </label>
                <div
                  class="form-group mb-3"
                >
                  <input
                    aria-describedby="basic-addon1"
                    aria-label="Username"
                    class="form-control control_login border border-dark"
                    id="exampleFormControlInput1"
                    style="width: 25rem; height: 3rem;"
                    type="number"
                  />
                </div>
              </fieldset>
              <label
                class="form-label fw-bold "
                for="exampleFormControlInput2"
              >
                To
              </label>
              <div
                class="form-group mb-3"
              >
                <input
                  aria-describedby="basic-addon1"
                  aria-label="Username"
                  class="form-control control_login border border-dark"
                  data-testid="toForm"
                  id="exampleFormControlInput2"
                  name="to"
                  style="width: 25rem; height: 3rem;"
                  type="number"
                />
              </div>
              <label
                class="form-label fw-bold "
                for="exampleFormControlInput3"
              >
                Amount
              </label>
              <div
                class="form-group mb-3"
              >
                <input
                  aria-describedby="basic-addon1"
                  aria-label="Username"
                  class="form-control control_login border border-dark"
                  id="exampleFormControlInput3"
                  name="amount"
                  placeholder="1.000.000"
                  style="width: 25rem; height: 5rem; font-size: 2rem;"
                  type="number"
                />
                <span
                  class="text-danger text-start"
                  data-testid="error"
                />
              </div>
              <label
                class="form-label fw-bold "
                for="exampleFormControlInput4"
              >
                Description
              </label>
              <div
                class="form-group mb-3"
              >
                <textarea
                  aria-describedby="basic-addon1"
                  aria-label="Username"
                  class="form-control control_login border border-dark"
                  id="exampleFormControlInput4"
                  name="description"
                  placeholder="Bayar Hutang"
                  style="width: 25rem; height: 5rem;"
                />
                <span
                  class="text-danger text-start"
                >
                  <span
                    class="text-danger text-start"
                  />
                </span>
              </div>
              <div
                class="form-group mb-3 justify-content-center"
              >
                <button
                  class="btn btn-info btn-lg w-100 text-white"
                  data-testid="submitBtn"
                  type="submit"
                >
                  Send
                </button>
              </div>
            </form>
          </div>
        </div>
      </section>
    </div>
  </div>,
  "debug": [Function],
  "findAllByAltText": [Function],
  "findAllByDisplayValue": [Function],
  "findAllByLabelText": [Function],
  "findAllByPlaceholderText": [Function],
  "findAllByRole": [Function],
  "findAllByTestId": [Function],
  "findAllByText": [Function],
  "findAllByTitle": [Function],
  "findByAltText": [Function],
  "findByDisplayValue": [Function],
  "findByLabelText": [Function],
  "findByPlaceholderText": [Function],
  "findByRole": [Function],
  "findByTestId": [Function],
  "findByText": [Function],
  "findByTitle": [Function],
  "getAllByAltText": [Function],
  "getAllByDisplayValue": [Function],
  "getAllByLabelText": [Function],
  "getAllByPlaceholderText": [Function],
  "getAllByRole": [Function],
  "getAllByTestId": [Function],
  "getAllByText": [Function],
  "getAllByTitle": [Function],
  "getByAltText": [Function],
  "getByDisplayValue": [Function],
  "getByLabelText": [Function],
  "getByPlaceholderText": [Function],
  "getByRole": [Function],
  "getByTestId": [Function],
  "getByText": [Function],
  "getByTitle": [Function],
  "queryAllByAltText": [Function],
  "queryAllByDisplayValue": [Function],
  "queryAllByLabelText": [Function],
  "queryAllByPlaceholderText": [Function],
  "queryAllByRole": [Function],
  "queryAllByTestId": [Function],
  "queryAllByText": [Function],
  "queryAllByTitle": [Function],
  "queryByAltText": [Function],
  "queryByDisplayValue": [Function],
  "queryByLabelText": [Function],
  "queryByPlaceholderText": [Function],
  "queryByRole": [Function],
  "queryByTestId": [Function],
  "queryByText": [Function],
  "queryByTitle": [Function],
  "rerender": [Function],
  "unmount": [Function],
}
`;
